// Jest Snapshot v1, https://goo.gl/fbAQLP

exports[`renders Quote component 1`] = `
<DocumentFragment>
  <section>
    <p
      class="quote-text"
    >
      Mathematics is not about numbers, equations, computations, or algorithms: it is about understanding.
      <strong>
        â€” William Paul Thurston
      </strong>
    </p>
  </section>
</DocumentFragment>
`;
